This is pdfTeX, Version 3.141592653-2.6-1.40.26 (TeX Live 2025/dev/Debian) (preloaded format=pdflatex 2026.2.2)  24 AUG 2026 21:20
entering extended mode
 restricted \write18 enabled.
 file:line:error style messages enabled.
 %&-line parsing enabled.
**/home/renet/shr/Uni/KTH/EJ2223_design_of_electrical_machines/EJ2223_Assignment/IPM_Design_Report/IPM_Design_Report.tex
(/home/renet/shr/Uni/KTH/EJ2223_design_of_electrical_machines/EJ2223_Assignment/IPM_Design_Report/IPM_Design_Report.tex
LaTeX2e <2024-11-01> patch level 2
L3 programming layer <2025-01-18>
(/usr/share/texlive/texmf-dist/tex/latex/base/article.cls
Document Class: article 2024/06/29 v1.4n Standard LaTeX document class
(/usr/share/texlive/texmf-dist/tex/latex/base/size11.clo
File: size11.clo 2024/06/29 v1.4n Standard LaTeX file (size option)
)
\c@part=\count196
\c@section=\count197
\c@subsection=\count198
\c@subsubsection=\count199
\c@paragraph=\count266
\c@subparagraph=\count267
\c@figure=\count268
\c@table=\count269
\abovecaptionskip=\skip49
\belowcaptionskip=\skip50
\bibindent=\dimen141
) (/usr/share/texlive/texmf-dist/tex/latex/base/inputenc.sty
Package: inputenc 2024/02/08 v1.3d Input encoding file
\inpenc@prehook=\toks17
\inpenc@posthook=\toks18
) (/usr/share/texlive/texmf-dist/tex/latex/base/fontenc.sty
Package: fontenc 2021/04/29 v2.0v Standard LaTeX package
) (/usr/share/texlive/texmf-dist/tex/latex/geometry/geometry.sty
Package: geometry 2020/01/02 v5.9 Page Geometry
 (/usr/share/texlive/texmf-dist/tex/latex/graphics/keyval.sty
Package: keyval 2022/05/29 v1.15 key=value parser (DPC)
\KV@toks@=\toks19
) (/usr/share/texlive/texmf-dist/tex/generic/iftex/ifvtex.sty
Package: ifvtex 2019/10/25 v1.7 ifvtex legacy package. Use iftex instead.
 (/usr/share/texlive/texmf-dist/tex/generic/iftex/iftex.sty
Package: iftex 2024/12/12 v1.0g TeX engine tests
))
\Gm@cnth=\count270
\Gm@cntv=\count271
\c@Gm@tempcnt=\count272
\Gm@bindingoffset=\dimen142
\Gm@wd@mp=\dimen143
\Gm@odd@mp=\dimen144
\Gm@even@mp=\dimen145
\Gm@layoutwidth=\dimen146
\Gm@layoutheight=\dimen147
\Gm@layouthoffset=\dimen148
\Gm@layoutvoffset=\dimen149
\Gm@dimlist=\toks20
) (/usr/share/texlive/texmf-dist/tex/latex/amsmath/amsmath.sty
Package: amsmath 2024/11/05 v2.17t AMS math features
\@mathmargin=\skip51

For additional information on amsmath, use the `?' option.
(/usr/share/texlive/texmf-dist/tex/latex/amsmath/amstext.sty
Package: amstext 2021/08/26 v2.01 AMS text
 (/usr/share/texlive/texmf-dist/tex/latex/amsmath/amsgen.sty
File: amsgen.sty 1999/11/30 v2.0 generic functions
\@emptytoks=\toks21
\ex@=\dimen150
)) (/usr/share/texlive/texmf-dist/tex/latex/amsmath/amsbsy.sty
Package: amsbsy 1999/11/29 v1.2d Bold Symbols
\pmbraise@=\dimen151
) (/usr/share/texlive/texmf-dist/tex/latex/amsmath/amsopn.sty
Package: amsopn 2022/04/08 v2.04 operator names
)
\inf@bad=\count273
LaTeX Info: Redefining \frac on input line 233.
\uproot@=\count274
\leftroot@=\count275
LaTeX Info: Redefining \overline on input line 398.
LaTeX Info: Redefining \colon on input line 409.
\classnum@=\count276
\DOTSCASE@=\count277
LaTeX Info: Redefining \ldots on input line 495.
LaTeX Info: Redefining \dots on input line 498.
LaTeX Info: Redefining \cdots on input line 619.
\Mathstrutbox@=\box52
\strutbox@=\box53
LaTeX Info: Redefining \big on input line 721.
LaTeX Info: Redefining \Big on input line 722.
LaTeX Info: Redefining \bigg on input line 723.
LaTeX Info: Redefining \Bigg on input line 724.
\big@size=\dimen152
LaTeX Font Info:    Redeclaring font encoding OML on input line 742.
LaTeX Font Info:    Redeclaring font encoding OMS on input line 743.
\macc@depth=\count278
LaTeX Info: Redefining \bmod on input line 904.
LaTeX Info: Redefining \pmod on input line 909.
LaTeX Info: Redefining \smash on input line 939.
LaTeX Info: Redefining \relbar on input line 969.
LaTeX Info: Redefining \Relbar on input line 970.
\c@MaxMatrixCols=\count279
\dotsspace@=\muskip17
\c@parentequation=\count280
\dspbrk@lvl=\count281
\tag@help=\toks22
\row@=\count282
\column@=\count283
\maxfields@=\count284
\andhelp@=\toks23
\eqnshift@=\dimen153
\alignsep@=\dimen154
\tagshift@=\dimen155
\tagwidth@=\dimen156
\totwidth@=\dimen157
\lineht@=\dimen158
\@envbody=\toks24
\multlinegap=\skip52
\multlinetaggap=\skip53
\mathdisplay@stack=\toks25
LaTeX Info: Redefining \[ on input line 2953.
LaTeX Info: Redefining \] on input line 2954.
) (/usr/share/texlive/texmf-dist/tex/latex/amsfonts/amssymb.sty
Package: amssymb 2013/01/14 v3.01 AMS font symbols
 (/usr/share/texlive/texmf-dist/tex/latex/amsfonts/amsfonts.sty
Package: amsfonts 2013/01/14 v3.01 Basic AMSFonts support
\symAMSa=\mathgroup4
\symAMSb=\mathgroup5
LaTeX Font Info:    Redeclaring math symbol \hbar on input line 98.
LaTeX Font Info:    Overwriting math alphabet `\mathfrak' in version `bold'
(Font)                  U/euf/m/n --> U/euf/b/n on input line 106.
)) (/usr/share/texlive/texmf-dist/tex/latex/graphics/graphicx.sty
Package: graphicx 2021/09/16 v1.2d Enhanced LaTeX Graphics (DPC,SPQR)
 (/usr/share/texlive/texmf-dist/tex/latex/graphics/graphics.sty
Package: graphics 2024/08/06 v1.4g Standard LaTeX Graphics (DPC,SPQR)
 (/usr/share/texlive/texmf-dist/tex/latex/graphics/trig.sty
Package: trig 2023/12/02 v1.11 sin cos tan (DPC)
) (/usr/share/texlive/texmf-dist/tex/latex/graphics-cfg/graphics.cfg
File: graphics.cfg 2016/06/04 v1.11 sample graphics configuration
)
Package graphics Info: Driver file: pdftex.def on input line 106.
 (/usr/share/texlive/texmf-dist/tex/latex/graphics-def/pdftex.def
File: pdftex.def 2024/04/13 v1.2c Graphics/color driver for pdftex
))
\Gin@req@height=\dimen159
\Gin@req@width=\dimen160
) (/usr/share/texlive/texmf-dist/tex/latex/booktabs/booktabs.sty
Package: booktabs 2020/01/12 v1.61803398 Publication quality tables
\heavyrulewidth=\dimen161
\lightrulewidth=\dimen162
\cmidrulewidth=\dimen163
\belowrulesep=\dimen164
\belowbottomsep=\dimen165
\aboverulesep=\dimen166
\abovetopsep=\dimen167
\cmidrulesep=\dimen168
\cmidrulekern=\dimen169
\defaultaddspace=\dimen170
\@cmidla=\count285
\@cmidlb=\count286
\@aboverulesep=\dimen171
\@belowrulesep=\dimen172
\@thisruleclass=\count287
\@lastruleclass=\count288
\@thisrulewidth=\dimen173
) (/usr/share/texlive/texmf-dist/tex/latex/hyperref/hyperref.sty
Package: hyperref 2024-11-05 v7.01l Hypertext links for LaTeX
 (/usr/share/texlive/texmf-dist/tex/latex/kvsetkeys/kvsetkeys.sty
Package: kvsetkeys 2022-10-05 v1.19 Key value parser (HO)
) (/usr/share/texlive/texmf-dist/tex/generic/kvdefinekeys/kvdefinekeys.sty
Package: kvdefinekeys 2019-12-19 v1.6 Define keys (HO)
) (/usr/share/texlive/texmf-dist/tex/generic/pdfescape/pdfescape.sty
Package: pdfescape 2019/12/09 v1.15 Implements pdfTeX's escape features (HO)
 (/usr/share/texlive/texmf-dist/tex/generic/ltxcmds/ltxcmds.sty
Package: ltxcmds 2023-12-04 v1.26 LaTeX kernel commands for general use (HO)
) (/usr/share/texlive/texmf-dist/tex/generic/pdftexcmds/pdftexcmds.sty
Package: pdftexcmds 2020-06-27 v0.33 Utility functions of pdfTeX for LuaTeX (HO)
 (/usr/share/texlive/texmf-dist/tex/generic/infwarerr/infwarerr.sty
Package: infwarerr 2019/12/03 v1.5 Providing info/warning/error messages (HO)
)
Package pdftexcmds Info: \pdf@primitive is available.
Package pdftexcmds Info: \pdf@ifprimitive is available.
Package pdftexcmds Info: \pdfdraftmode found.
)) (/usr/share/texlive/texmf-dist/tex/latex/hycolor/hycolor.sty
Package: hycolor 2020-01-27 v1.10 Color options for hyperref/bookmark (HO)
) (/usr/share/texlive/texmf-dist/tex/latex/hyperref/nameref.sty
Package: nameref 2023-11-26 v2.56 Cross-referencing by name of section
 (/usr/share/texlive/texmf-dist/tex/latex/refcount/refcount.sty
Package: refcount 2019/12/15 v3.6 Data extraction from label references (HO)
) (/usr/share/texlive/texmf-dist/tex/generic/gettitlestring/gettitlestring.sty
Package: gettitlestring 2019/12/15 v1.6 Cleanup title references (HO)
 (/usr/share/texlive/texmf-dist/tex/latex/kvoptions/kvoptions.sty
Package: kvoptions 2022-06-15 v3.15 Key value format for package options (HO)
))
\c@section@level=\count289
) (/usr/share/texlive/texmf-dist/tex/latex/etoolbox/etoolbox.sty
Package: etoolbox 2025/02/11 v2.5l e-TeX tools for LaTeX (JAW)
\etb@tempcnta=\count290
) (/usr/share/texlive/texmf-dist/tex/generic/stringenc/stringenc.sty
Package: stringenc 2019/11/29 v1.12 Convert strings between diff. encodings (HO)
)
\@linkdim=\dimen174
\Hy@linkcounter=\count291
\Hy@pagecounter=\count292
 (/usr/share/texlive/texmf-dist/tex/latex/hyperref/pd1enc.def
File: pd1enc.def 2024-11-05 v7.01l Hyperref: PDFDocEncoding definition (HO)
Now handling font encoding PD1 ...
... no UTF-8 mapping file for font encoding PD1
) (/usr/share/texlive/texmf-dist/tex/generic/intcalc/intcalc.sty
Package: intcalc 2019/12/15 v1.3 Expandable calculations with integers (HO)
)
\Hy@SavedSpaceFactor=\count293
 (/usr/share/texlive/texmf-dist/tex/latex/hyperref/puenc.def
File: puenc.def 2024-11-05 v7.01l Hyperref: PDF Unicode definition (HO)
Now handling font encoding PU ...
... no UTF-8 mapping file for font encoding PU
)
Package hyperref Info: Hyper figures OFF on input line 4157.
Package hyperref Info: Link nesting OFF on input line 4162.
Package hyperref Info: Hyper index ON on input line 4165.
Package hyperref Info: Plain pages OFF on input line 4172.
Package hyperref Info: Backreferencing OFF on input line 4177.
Package hyperref Info: Implicit mode ON; LaTeX internals redefined.
Package hyperref Info: Bookmarks ON on input line 4424.
\c@Hy@tempcnt=\count294
 (/usr/share/texlive/texmf-dist/tex/latex/url/url.sty
\Urlmuskip=\muskip18
Package: url 2013/09/16  ver 3.4  Verb mode for urls, etc.
)
LaTeX Info: Redefining \url on input line 4763.
\XeTeXLinkMargin=\dimen175
 (/usr/share/texlive/texmf-dist/tex/generic/bitset/bitset.sty
Package: bitset 2019/12/09 v1.3 Handle bit-vector datatype (HO)
 (/usr/share/texlive/texmf-dist/tex/generic/bigintcalc/bigintcalc.sty
Package: bigintcalc 2019/12/15 v1.5 Expandable calculations on big integers (HO)
))
\Fld@menulength=\count295
\Field@Width=\dimen176
\Fld@charsize=\dimen177
Package hyperref Info: Hyper figures OFF on input line 6042.
Package hyperref Info: Link nesting OFF on input line 6047.
Package hyperref Info: Hyper index ON on input line 6050.
Package hyperref Info: backreferencing OFF on input line 6057.
Package hyperref Info: Link coloring OFF on input line 6062.
Package hyperref Info: Link coloring with OCG OFF on input line 6067.
Package hyperref Info: PDF/A mode OFF on input line 6072.
 (/usr/share/texlive/texmf-dist/tex/latex/base/atbegshi-ltx.sty
Package: atbegshi-ltx 2021/01/10 v1.0c Emulation of the original atbegshi
package with kernel methods
)
\Hy@abspage=\count296
\c@Item=\count297
\c@Hfootnote=\count298
)
Package hyperref Info: Driver (autodetected): hpdftex.
 (/usr/share/texlive/texmf-dist/tex/latex/hyperref/hpdftex.def
File: hpdftex.def 2024-11-05 v7.01l Hyperref driver for pdfTeX
 (/usr/share/texlive/texmf-dist/tex/latex/base/atveryend-ltx.sty
Package: atveryend-ltx 2020/08/19 v1.0a Emulation of the original atveryend package
with kernel methods
)
\Fld@listcount=\count299
\c@bookmark@seq@number=\count300
 (/usr/share/texlive/texmf-dist/tex/latex/rerunfilecheck/rerunfilecheck.sty
Package: rerunfilecheck 2022-07-10 v1.10 Rerun checks for auxiliary files (HO)
 (/usr/share/texlive/texmf-dist/tex/generic/uniquecounter/uniquecounter.sty
Package: uniquecounter 2019/12/15 v1.4 Provide unlimited unique counter (HO)
)
Package uniquecounter Info: New unique counter `rerunfilecheck' on input line 285.
)
\Hy@SectionHShift=\skip54
) (/usr/share/texlive/texmf-dist/tex/latex/caption/caption.sty
Package: caption 2023/08/05 v3.6o Customizing captions (AR)
 (/usr/share/texlive/texmf-dist/tex/latex/caption/caption3.sty
Package: caption3 2023/07/31 v2.4d caption3 kernel (AR)
\caption@tempdima=\dimen178
\captionmargin=\dimen179
\caption@leftmargin=\dimen180
\caption@rightmargin=\dimen181
\caption@width=\dimen182
\caption@indent=\dimen183
\caption@parindent=\dimen184
\caption@hangindent=\dimen185
Package caption Info: Standard document class detected.
)
\c@caption@flags=\count301
\c@continuedfloat=\count302
Package caption Info: hyperref package is loaded.
) (/usr/share/texlive/texmf-dist/tex/latex/float/float.sty
Package: float 2001/11/08 v1.3d Float enhancements (AL)
\c@float@type=\count303
\float@exts=\toks26
\float@box=\box54
\@float@everytoks=\toks27
\@floatcapt=\box55
) (/usr/share/texlive/texmf-dist/tex/latex/xcolor/xcolor.sty
Package: xcolor 2024/09/29 v3.02 LaTeX color extensions (UK)
 (/usr/share/texlive/texmf-dist/tex/latex/graphics-cfg/color.cfg
File: color.cfg 2016/01/02 v1.6 sample color configuration
)
Package xcolor Info: Driver file: pdftex.def on input line 274.
 (/usr/share/texlive/texmf-dist/tex/latex/graphics/mathcolor.ltx)
Package xcolor Info: Model `cmy' substituted by `cmy0' on input line 1349.
Package xcolor Info: Model `hsb' substituted by `rgb' on input line 1353.
Package xcolor Info: Model `RGB' extended on input line 1365.
Package xcolor Info: Model `HTML' substituted by `rgb' on input line 1367.
Package xcolor Info: Model `Hsb' substituted by `hsb' on input line 1368.
Package xcolor Info: Model `tHsb' substituted by `hsb' on input line 1369.
Package xcolor Info: Model `HSB' substituted by `hsb' on input line 1370.
Package xcolor Info: Model `Gray' substituted by `gray' on input line 1371.
Package xcolor Info: Model `wave' substituted by `hsb' on input line 1372.
) (/usr/share/texlive/texmf-dist/tex/latex/tools/array.sty
Package: array 2024/10/17 v2.6g Tabular extension package (FMi)
\col@sep=\dimen186
\ar@mcellbox=\box56
\extrarowheight=\dimen187
\NC@list=\toks28
\extratabsurround=\skip55
\backup@length=\skip56
\ar@cellbox=\box57
) (/usr/share/texlive/texmf-dist/tex/latex/tools/longtable.sty
Package: longtable 2024-10-27 v4.22 Multi-page Table package (DPC)
\LTleft=\skip57
\LTright=\skip58
\LTpre=\skip59
\LTpost=\skip60
\LTchunksize=\count304
\LTcapwidth=\dimen188
\LT@head=\box58
\LT@firsthead=\box59
\LT@foot=\box60
\LT@lastfoot=\box61
\LT@gbox=\box62
\LT@cols=\count305
\LT@rows=\count306
\c@LT@tables=\count307
\c@LT@chunks=\count308
\LT@p@ftn=\toks29
) (/usr/share/texlive/texmf-dist/tex/latex/enumitem/enumitem.sty
Package: enumitem 2025/02/06 v3.11 Customized lists
\labelindent=\skip61
\enit@outerparindent=\dimen189
\enit@toks=\toks30
\enit@inbox=\box63
\enit@count@id=\count309
\enitdp@description=\count310
)
Package hyperref Info: Option `colorlinks' set `true' on input line 27.
 (/usr/share/texlive/texmf-dist/tex/latex/l3backend/l3backend-pdftex.def
File: l3backend-pdftex.def 2024-05-08 L3 backend support: PDF output (pdfTeX)
\l__color_backend_stack_int=\count311
\l__pdf_internal_box=\box64
) (./IPM_Design_Report.aux)
\openout1 = `IPM_Design_Report.aux'.

LaTeX Font Info:    Checking defaults for OML/cmm/m/it on input line 39.
LaTeX Font Info:    ... okay on input line 39.
LaTeX Font Info:    Checking defaults for OMS/cmsy/m/n on input line 39.
LaTeX Font Info:    ... okay on input line 39.
LaTeX Font Info:    Checking defaults for OT1/cmr/m/n on input line 39.
LaTeX Font Info:    ... okay on input line 39.
LaTeX Font Info:    Checking defaults for T1/cmr/m/n on input line 39.
LaTeX Font Info:    ... okay on input line 39.
LaTeX Font Info:    Checking defaults for TS1/cmr/m/n on input line 39.
LaTeX Font Info:    ... okay on input line 39.
LaTeX Font Info:    Checking defaults for OMX/cmex/m/n on input line 39.
LaTeX Font Info:    ... okay on input line 39.
LaTeX Font Info:    Checking defaults for U/cmr/m/n on input line 39.
LaTeX Font Info:    ... okay on input line 39.
LaTeX Font Info:    Checking defaults for PD1/pdf/m/n on input line 39.
LaTeX Font Info:    ... okay on input line 39.
LaTeX Font Info:    Checking defaults for PU/pdf/m/n on input line 39.
LaTeX Font Info:    ... okay on input line 39.

*geometry* driver: auto-detecting
*geometry* detected driver: pdftex
*geometry* verbose mode - [ preamble ] result:
* driver: pdftex
* paper: a4paper
* layout: <same size as paper>
* layoutoffset:(h,v)=(0.0pt,0.0pt)
* modes: 
* h-part:(L,W,R)=(72.26999pt, 452.9679pt, 72.26999pt)
* v-part:(T,H,B)=(72.26999pt, 700.50687pt, 72.26999pt)
* \paperwidth=597.50787pt
* \paperheight=845.04684pt
* \textwidth=452.9679pt
* \textheight=700.50687pt
* \oddsidemargin=0.0pt
* \evensidemargin=0.0pt
* \topmargin=-37.0pt
* \headheight=12.0pt
* \headsep=25.0pt
* \topskip=11.0pt
* \footskip=30.0pt
* \marginparwidth=50.0pt
* \marginparsep=10.0pt
* \columnsep=10.0pt
* \skip\footins=10.0pt plus 4.0pt minus 2.0pt
* \hoffset=0.0pt
* \voffset=0.0pt
* \mag=1000
* \@twocolumnfalse
* \@twosidefalse
* \@mparswitchfalse
* \@reversemarginfalse
* (1in=72.27pt=25.4mm, 1cm=28.453pt)

(/usr/share/texlive/texmf-dist/tex/context/base/mkii/supp-pdf.mkii
[Loading MPS to PDF converter (version 2006.09.02).]
\scratchcounter=\count312
\scratchdimen=\dimen190
\scratchbox=\box65
\nofMPsegments=\count313
\nofMParguments=\count314
\everyMPshowfont=\toks31
\MPscratchCnt=\count315
\MPscratchDim=\dimen191
\MPnumerator=\count316
\makeMPintoPDFobject=\count317
\everyMPtoPDFconversion=\toks32
) (/usr/share/texlive/texmf-dist/tex/latex/epstopdf-pkg/epstopdf-base.sty
Package: epstopdf-base 2020-01-24 v2.11 Base part for package epstopdf
Package epstopdf-base Info: Redefining graphics rule for `.eps' on input line 485.
 (/usr/share/texlive/texmf-dist/tex/latex/latexconfig/epstopdf-sys.cfg
File: epstopdf-sys.cfg 2010/07/13 v1.3 Configuration of (r)epstopdf for TeX Live
))
Package hyperref Info: Link coloring ON on input line 39.
 (./IPM_Design_Report.out) (./IPM_Design_Report.out)
\@outlinefile=\write3
\openout3 = `IPM_Design_Report.out'.

Package caption Info: Begin \AtBeginDocument code.
Package caption Info: float package is loaded.
Package caption Info: longtable package is loaded.
 (/usr/share/texlive/texmf-dist/tex/latex/caption/ltcaption.sty
Package: ltcaption 2021/01/08 v1.4c longtable captions (AR)
)
Package caption Info: End \AtBeginDocument code.
LaTeX Font Info:    Trying to load font information for U+msa on input line 42.
 (/usr/share/texlive/texmf-dist/tex/latex/amsfonts/umsa.fd
File: umsa.fd 2013/01/14 v3.01 AMS symbols A
)
LaTeX Font Info:    Trying to load font information for U+msb on input line 42.
 (/usr/share/texlive/texmf-dist/tex/latex/amsfonts/umsb.fd
File: umsb.fd 2013/01/14 v3.01 AMS symbols B
)

[1

{/var/lib/texmf/fonts/map/pdftex/updmap/pdftex.map}{/usr/share/texmf/fonts/enc/dvips/cm-super/cm-super-t1.enc}] (./IPM_Design_Report.toc)
\tf@toc=\write4
\openout4 = `IPM_Design_Report.toc'.



[2]
<figures/stator_stator_rotor.png, id=92, 1032.85875pt x 361.35pt>
File: figures/stator_stator_rotor.png Graphic file (type png)
<use figures/stator_stator_rotor.png>
Package pdftex.def Info: figures/stator_stator_rotor.png  used on input line 61.
(pdftex.def)             Requested size: 317.07614pt x 110.93112pt.

Underfull \hbox (badness 10000) in paragraph at lines 51--64

 []

<figures/side_technical_drawing.png, id=94, 1559.8275pt x 458.46281pt>
File: figures/side_technical_drawing.png Graphic file (type png)
<use figures/side_technical_drawing.png>
Package pdftex.def Info: figures/side_technical_drawing.png  used on input line 68.
(pdftex.def)             Requested size: 452.9679pt x 133.13269pt.
<figures/front_technical_drawing.png, id=95, 644.4075pt x 633.11531pt>
File: figures/front_technical_drawing.png Graphic file (type png)
<use figures/front_technical_drawing.png>
Package pdftex.def Info: figures/front_technical_drawing.png  used on input line 74.
(pdftex.def)             Requested size: 308.01485pt x 302.62636pt.


[3 <./figures/stator_stator_rotor.png>]
<figures/power_and_torque_current_motor.png, id=113, 484.05844pt x 278.54062pt>
File: figures/power_and_torque_current_motor.png Graphic file (type png)
<use figures/power_and_torque_current_motor.png>
Package pdftex.def Info: figures/power_and_torque_current_motor.png  used on input line 81.
(pdftex.def)             Requested size: 339.72592pt x 195.49562pt.


[4 <./figures/side_technical_drawing.png> <./figures/front_technical_drawing.png>]
Underfull \hbox (badness 10000) in paragraph at lines 114--114
[]|\T1/cmr/bx/n/10.95 Flux-weakening
 []



[5 <./figures/power_and_torque_current_motor.png (PNG copy)>]
Underfull \hbox (badness 10000) in paragraph at lines 169--170
[]|\T1/cmr/m/n/10.95 DIN 5480 -
 []



[6]

[7{/usr/share/texmf/fonts/enc/dvips/cm-super/cm-super-ts1.enc}]
Overfull \hbox (9.67319pt too wide) in paragraph at lines 201--203
\T1/cmr/m/n/10.95 For this first pass we don't yet have con-verged $\OML/cmm/m/it/10.95 ^^Q[]$\T1/cmr/m/n/10.95 /$[]\OT1/cmr/m/n/10.95 (\OML/cmm/m/it/10.95 ^^^[]\OT1/cmr/m/n/10.95 )$ \T1/cmr/m/n/10.95 es-ti-mates, so we treat $\OML/cmm/m/it/10.95 ^^Q[] []\OT1/cmr/m/n/10.95 (\OML/cmm/m/it/10.95 ^^^[]\OT1/cmr/m/n/10.95 ) \OMS/cmsy/m/n/10.95 ^^Y
 []



[8]
<figures/d3l_output_function.png, id=180, 1037.7972pt x 529.98pt>
File: figures/d3l_output_function.png Graphic file (type png)
<use figures/d3l_output_function.png>
Package pdftex.def Info: figures/d3l_output_function.png  used on input line 244.
(pdftex.def)             Requested size: 430.31812pt x 219.75159pt.


[9]
<figures/d3l_current_density_sensitivity.png, id=190, 918.7926pt x 317.988pt>
File: figures/d3l_current_density_sensitivity.png Graphic file (type png)
<use figures/d3l_current_density_sensitivity.png>
Package pdftex.def Info: figures/d3l_current_density_sensitivity.png  used on input line 253.
(pdftex.def)             Requested size: 430.31812pt x 148.93034pt.


[10 <./figures/d3l_output_function.png (PNG copy)> <./figures/d3l_current_density_sensitivity.png (PNG copy)>]
Overfull \hbox (3.64691pt too wide) in paragraph at lines 283--286
\T1/cmr/bx/n/10.95 Recoil per-me-abil-ity ($\OML/cmm/m/it/10.95 ^^V[]$\T1/cmr/bx/n/10.95 ): 1.05\T1/cmr/m/n/10.95 , typ-i-cal for sin-tered Nd-FeB, used in the re-luc-tance/anisotropy
 []



[11]
Overfull \hbox (4.59708pt too wide) in paragraph at lines 306--308
\T1/cmr/m/n/10.95 Ricca's pro-ce-dure (Sec-tion [][]2.2.1[][]) now con-verges for this de-sign point and gives $\OT1/cmr/m/n/10.95 	[] = 0\OML/cmm/m/it/10.95 :\OT1/cmr/m/n/10.95 0176 []$
 []

<figures/IPM_motor_layout.png, id=224, 368.1253pt x 268.75406pt>
File: figures/IPM_motor_layout.png Graphic file (type png)
<use figures/IPM_motor_layout.png>
Package pdftex.def Info: figures/IPM_motor_layout.png  used on input line 334.
(pdftex.def)             Requested size: 271.7835pt x 198.43199pt.


[12]

[13 <./figures/IPM_motor_layout.png (PNG copy)>]
Overfull \hbox (8.01363pt too wide) in paragraph at lines 419--421
\T1/cmr/m/n/10.95 At the con-verged de-sign point (\T1/cmtt/m/n/10.95 rotorSizer.summary()\T1/cmr/m/n/10.95 , eqs. 19--22), this gives $\OML/cmm/m/it/10.95 f[] \OMS/cmsy/m/n/10.95 ^^Y \OT1/cmr/m/n/10.95 12[]168 []$
 []


Overfull \hbox (15.92207pt too wide) in paragraph at lines 419--421
\T1/cmr/m/n/10.95 and $\OML/cmm/m/it/10.95 ^^[[] \OMS/cmsy/m/n/10.95 ^^Y \OT1/cmr/m/n/10.95 8\OML/cmm/m/it/10.95 :\OT1/cmr/m/n/10.95 33 []$ \T1/cmr/m/n/10.95 -- only 1.8% of $\OML/cmm/m/it/10.95 ^^[[]$\T1/cmr/m/n/10.95 , i.e. com-fort-ably safe (\T1/cmtt/m/n/10.95 IPMRotorSizer.BridgeSafe\T1/cmr/m/n/10.95 =true)
 []

<figures/rotor_bridge_stress_sweep.png, id=264, 539.616pt x 358.4592pt>
File: figures/rotor_bridge_stress_sweep.png Graphic file (type png)
<use figures/rotor_bridge_stress_sweep.png>
Package pdftex.def Info: figures/rotor_bridge_stress_sweep.png  used on input line 424.
(pdftex.def)             Requested size: 339.72592pt x 225.6828pt.


[14]
<figures/m235_35a_bh_curve.png, id=278, 810.3876pt x 406.6392pt>
File: figures/m235_35a_bh_curve.png Graphic file (type png)
<use figures/m235_35a_bh_curve.png>
Package pdftex.def Info: figures/m235_35a_bh_curve.png  used on input line 443.
(pdftex.def)             Requested size: 430.31812pt x 215.92726pt.

Underfull \hbox (badness 10000) in paragraph at lines 444--444
[]\T1/cmr/m/n/10.95 Figure 9: |M235-35A BH curve dig-i-tized from the pa-per's Fig. 2
 []


Underfull \hbox (badness 1953) in paragraph at lines 444--444
\T1/cmr/m/n/10.95 (\T1/cmtt/m/n/10.95 IPMRotorSizer.BFE_DATA\T1/cmr/m/n/10.95 /\T1/cmtt/m/n/10.95 HFE_DATA\T1/cmr/m/n/10.95 ), used in-ter-nally by the sat-u-ra-tion model. Left:
 []

<figures/saturation_factor_sigma_sM.png, id=279, 496.7358pt x 399.4122pt>
File: figures/saturation_factor_sigma_sM.png Graphic file (type png)
<use figures/saturation_factor_sigma_sM.png>
Package pdftex.def Info: figures/saturation_factor_sigma_sM.png  used on input line 449.
(pdftex.def)             Requested size: 317.07614pt x 254.95863pt.


[15 <./figures/rotor_bridge_stress_sweep.png (PNG copy)>]

[16 <./figures/m235_35a_bh_curve.png (PNG copy)> <./figures/saturation_factor_sigma_sM.png (PNG copy)>]
Overfull \hbox (2.87381pt too wide) in paragraph at lines 477--477
[]|\T1/cmr/m/it/10.95 Symbol| 
 []


Overfull \hbox (10.44247pt too wide) in alignment at lines 473--478
 [] [] [] [] 
 []


Overfull \hbox (2.87381pt too wide) in paragraph at lines 481--481
[]|\T1/cmr/m/it/10.95 Symbol| 
 []


Overfull \hbox (10.44247pt too wide) in alignment at lines 478--482
 [] [] [] [] 
 []


Overfull \hbox (10.44247pt too wide) in alignment at lines 482--484
 [] [] [] [] 
 []


Overfull \hbox (10.44247pt too wide) in alignment at lines 484--486
 [] [] [] [] 
 []


Underfull \hbox (badness 4660) in paragraph at lines 493--493
[]|\T1/cmr/bx/n/10.95 Target Peak
 []


Underfull \hbox (badness 1331) in paragraph at lines 493--494
[]|\T1/cmr/m/n/10.95 Sized to max-i-mize the in-verter ca-pac-ity (26
 []


Underfull \hbox (badness 2334) in paragraph at lines 494--494
[]|\T1/cmr/bx/n/10.95 Magnet Ma-
 []


Underfull \hbox (badness 10000) in paragraph at lines 494--494
[]|\T1/cmr/m/n/10.95 N48 Nd-FeB:
 []


Underfull \hbox (badness 10000) in paragraph at lines 495--495
[]|\T1/cmr/bx/n/10.95 Required
 []


Underfull \hbox (badness 10000) in paragraph at lines 498--498
[]|\T1/cmr/bx/n/10.95 Target Max
 []


Underfull \hbox (badness 10000) in paragraph at lines 499--499
[]|\T1/cmr/bx/n/10.95 Target Cor-
 []


Overfull \hbox (10.44247pt too wide) in alignment at lines 486--501
 [] [] [] [] 
 []



[17]
Underfull \hbox (badness 10000) in paragraph at lines 536--536
[]|\T1/cmtt/m/n/10.95 rotorSizer.StatorYoke-
 []


Underfull \hbox (badness 10000) in paragraph at lines 539--539
[]|\T1/cmtt/m/n/10.95 hypot(motorGeometry.Id_A,
 []


Underfull \hbox (badness 10000) in paragraph at lines 551--551
[]|\T1/cmr/bx/n/10.95 COMSOL
 []


Underfull \hbox (badness 10000) in paragraph at lines 556--556
[]|\T1/cmr/m/n/10.95 Speed (struc-tural
 []


Underfull \hbox (badness 10000) in paragraph at lines 561--561
[]|\T1/cmr/m/n/10.95 Phase cur-rent
 []



[18]
LaTeX Font Info:    Font shape `T1/cmtt/bx/n' in size <10.95> not available
(Font)              Font shape `T1/cmtt/m/n' tried instead on input line 592.


[19]
Underfull \hbox (badness 10000) in paragraph at lines 598--598
[]\T1/cmr/m/n/10.95 Table 8: |Cou-pled EM/structural tran-sient study re-sults
 []

<figures/torque.png, id=352, 640.794pt x 385.44pt>
File: figures/torque.png Graphic file (type png)
<use figures/torque.png>
Package pdftex.def Info: figures/torque.png  used on input line 614.
(pdftex.def)             Requested size: 339.72592pt x 204.34692pt.
<figures/flux_density.png, id=353, 640.794pt x 385.44pt>
File: figures/flux_density.png Graphic file (type png)
<use figures/flux_density.png>
Package pdftex.def Info: figures/flux_density.png  used on input line 621.
(pdftex.def)             Requested size: 339.72592pt x 204.34692pt.


[20 <./figures/torque.png (PNG copy)>]
<figures/von_mises_stress.png, id=359, 640.794pt x 385.44pt>
File: figures/von_mises_stress.png Graphic file (type png)
<use figures/von_mises_stress.png>
Package pdftex.def Info: figures/von_mises_stress.png  used on input line 628.
(pdftex.def)             Requested size: 339.72592pt x 204.34692pt.
<figures/displacement.png, id=360, 640.794pt x 385.44pt>
File: figures/displacement.png Graphic file (type png)
<use figures/displacement.png>
Package pdftex.def Info: figures/displacement.png  used on input line 635.
(pdftex.def)             Requested size: 339.72592pt x 204.34692pt.


[21 <./figures/flux_density.png (PNG copy)> <./figures/von_mises_stress.png (PNG copy)>]
Overfull \hbox (33.6998pt too wide) in paragraph at lines 642--644
\T1/cmtt/m/n/10.95 EfficiencyMapSizer.m \T1/cmr/m/n/10.95 builds a rough an-a-lyt-i-cal loss model di-rectly from the con-verged \T1/cmtt/m/n/10.95 IPMRotorSizer
 []



[22 <./figures/displacement.png (PNG copy)>]
<figures/efficiency_map.png, id=380, 506.3718pt x 389.7762pt>
File: figures/efficiency_map.png Graphic file (type png)
<use figures/efficiency_map.png>
Package pdftex.def Info: figures/efficiency_map.png  used on input line 654.
(pdftex.def)             Requested size: 385.02547pt x 296.38167pt.

Underfull \hbox (badness 10000) in paragraph at lines 655--655
[]\T1/cmr/m/n/10.95 Figure 15: |An-a-lyt-i-cal ef-fi-ciency map over the torque-speed en-ve-lope
 []


Overfull \hbox (5.03247pt too wide) in paragraph at lines 665--666
\T1/cmr/m/n/10.95 es-ti-mates (Sec-tions [][]2.2.1[][]) bracket a fea-si-ble bore/stack-length en-ve-lope in-side the 120mm/110mm
 []



[23 <./figures/efficiency_map.png (PNG copy)>] (./IPM_Design_Report.bbl

[24])

[25] (./IPM_Design_Report.aux)
 ***********
LaTeX2e <2024-11-01> patch level 2
L3 programming layer <2025-01-18>
 ***********
Package rerunfilecheck Info: File `IPM_Design_Report.out' has not changed.
(rerunfilecheck)             Checksum: 02D1B56946BC3D1F29E9AD8416871C9D;2485.
 ) 
Here is how much of TeX's memory you used:
 13190 strings out of 475102
 207353 string characters out of 5764878
 631365 words of memory out of 5000000
 35909 multiletter control sequences out of 15000+600000
 576663 words of font info for 78 fonts, out of 8000000 for 9000
 59 hyphenation exceptions out of 8191
 75i,14n,79p,1443b,560s stack positions out of 10000i,1000n,20000p,200000b,200000s
</usr/share/texlive/texmf-dist/fonts/type1/public/amsfonts/cm/cmex10.pfb></usr/share/texlive/texmf-dist/fonts/type1/public/amsfonts/cm/cmmi10.pfb></usr/share/texlive/texmf-dist/fonts/type1/public/amsfonts/cm/cmmi6.pfb></usr/share/texlive/texmf-dist/fonts/type1/public/amsfonts/cm/cmmi8.pfb></usr/share/texlive/texmf-dist/fonts/type1/public/amsfonts/cm/cmr10.pfb></usr/share/texlive/texmf-dist/fonts/type1/public/amsfonts/cm/cmr6.pfb></usr/share/texlive/texmf-dist/fonts/type1/public/amsfonts/cm/cmr8.pfb></usr/share/texlive/texmf-dist/fonts/type1/public/amsfonts/cm/cmsy10.pfb></usr/share/texlive/texmf-dist/fonts/type1/public/amsfonts/cm/cmsy8.pfb></usr/share/texlive/texmf-dist/fonts/type1/public/amsfonts/symbols/msam10.pfb></usr/share/texmf/fonts/type1/public/cm-super/sfbx1095.pfb></usr/share/texmf/fonts/type1/public/cm-super/sfbx1200.pfb></usr/share/texmf/fonts/type1/public/cm-super/sfbx1440.pfb></usr/share/texmf/fonts/type1/public/cm-super/sfbx1728.pfb></usr/share/texmf/fonts/type1/public/cm-super/sfrm0800.pfb></usr/share/texmf/fonts/type1/public/cm-super/sfrm1095.pfb></usr/share/texmf/fonts/type1/public/cm-super/sfrm1200.pfb></usr/share/texmf/fonts/type1/public/cm-super/sfti1095.pfb></usr/share/texmf/fonts/type1/public/cm-super/sftt1095.pfb>
Output written on IPM_Design_Report.pdf (25 pages, 2898228 bytes).
PDF statistics:
 531 PDF objects out of 1000 (max. 8388607)
 442 compressed objects within 5 object streams
 113 named destinations out of 1000 (max. 500000)
 180 words of extra memory for PDF output out of 10000 (max. 10000000)

